// Vitest Snapshot v1, https://vitest.dev/guide/snapshot.html

exports[`PlayerHuman vs PlayerHuman > Basic test 1`] = `
[
  [
    " ",
    " ",
    " ",
    " ",
    " ",
    " ",
    " ",
  ],
  [
    " ",
    " ",
    " ",
    " ",
    " ",
    " ",
    " ",
  ],
  [
    " ",
    " ",
    " ",
    " ",
    " ",
    " ",
    " ",
  ],
  [
    " ",
    " ",
    " ",
    " ",
    " ",
    " ",
    " ",
  ],
  [
    " ",
    " ",
    " ",
    " ",
    " ",
    " ",
    " ",
  ],
  [
    " ",
    " ",
    " ",
    " ",
    " ",
    " ",
    " ",
  ],
]
`;

exports[`PlayerHuman vs PlayerHuman > Basic test 2`] = `
[
  [
    " ",
    " ",
    " ",
    " ",
    " ",
    " ",
    " ",
  ],
  [
    " ",
    " ",
    " ",
    " ",
    " ",
    " ",
    " ",
  ],
  [
    " ",
    " ",
    " ",
    " ",
    " ",
    " ",
    " ",
  ],
  [
    " ",
    " ",
    " ",
    " ",
    " ",
    " ",
    " ",
  ],
  [
    " ",
    " ",
    " ",
    " ",
    " ",
    " ",
    " ",
  ],
  [
    " ",
    " ",
    " ",
    "ðŸ”´",
    " ",
    " ",
    " ",
  ],
]
`;

exports[`PlayerHuman vs PlayerHuman > Basic test 3`] = `
[
  [
    " ",
    " ",
    " ",
    " ",
    " ",
    " ",
    " ",
  ],
  [
    " ",
    " ",
    " ",
    " ",
    " ",
    " ",
    " ",
  ],
  [
    " ",
    " ",
    " ",
    " ",
    " ",
    " ",
    " ",
  ],
  [
    " ",
    " ",
    " ",
    " ",
    " ",
    " ",
    " ",
  ],
  [
    " ",
    " ",
    " ",
    "ðŸ”µ",
    " ",
    " ",
    " ",
  ],
  [
    " ",
    " ",
    " ",
    "ðŸ”´",
    " ",
    " ",
    " ",
  ],
]
`;

exports[`PlayerHuman vs PlayerHuman > Cannot move on a filled column 1`] = `
[
  [
    " ",
    " ",
    " ",
    "ðŸ”µ",
    " ",
    " ",
    " ",
  ],
  [
    " ",
    " ",
    " ",
    "ðŸ”´",
    " ",
    " ",
    " ",
  ],
  [
    " ",
    " ",
    " ",
    "ðŸ”µ",
    " ",
    " ",
    " ",
  ],
  [
    " ",
    " ",
    " ",
    "ðŸ”´",
    " ",
    " ",
    " ",
  ],
  [
    " ",
    " ",
    " ",
    "ðŸ”µ",
    " ",
    " ",
    " ",
  ],
  [
    " ",
    " ",
    " ",
    "ðŸ”´",
    " ",
    " ",
    " ",
  ],
]
`;

exports[`PlayerHuman vs PlayerHuman > Cannot move on a filled column 2`] = `
[
  [
    " ",
    " ",
    " ",
    "ðŸ”µ",
    " ",
    " ",
    " ",
  ],
  [
    " ",
    " ",
    " ",
    "ðŸ”´",
    " ",
    " ",
    " ",
  ],
  [
    " ",
    " ",
    " ",
    "ðŸ”µ",
    " ",
    " ",
    " ",
  ],
  [
    " ",
    " ",
    " ",
    "ðŸ”´",
    " ",
    " ",
    " ",
  ],
  [
    " ",
    " ",
    " ",
    "ðŸ”µ",
    " ",
    " ",
    " ",
  ],
  [
    " ",
    " ",
    " ",
    "ðŸ”´",
    " ",
    " ",
    " ",
  ],
]
`;
