// Vitest Snapshot v1, https://vitest.dev/guide/snapshot.html

exports[`PlayerHuman vs PlayerAi > Issue #3 1`] = `
[
  [
    " ",
    " ",
    " ",
    " ",
    " ",
    " ",
    " ",
  ],
  [
    " ",
    " ",
    " ",
    "ðŸ”´",
    " ",
    " ",
    " ",
  ],
  [
    " ",
    " ",
    " ",
    "ðŸ”´",
    " ",
    "ðŸ”´",
    " ",
  ],
  [
    " ",
    " ",
    " ",
    "ðŸ”µ",
    "ðŸ”´",
    "ðŸ”µ",
    "ðŸ”´",
  ],
  [
    " ",
    " ",
    " ",
    "ðŸ”´",
    "ðŸ”µ",
    "ðŸ”µ",
    "ðŸ”µ",
  ],
  [
    " ",
    " ",
    " ",
    "ðŸ”´",
    "ðŸ”µ",
    "ðŸ”µ",
    "ðŸ”´",
  ],
]
`;

exports[`PlayerHuman vs PlayerAi > Issue #3 2`] = `
[
  [
    " ",
    " ",
    " ",
    " ",
    " ",
    " ",
    " ",
  ],
  [
    " ",
    " ",
    " ",
    "ðŸ”´",
    " ",
    " ",
    " ",
  ],
  [
    " ",
    " ",
    " ",
    "ðŸ”´",
    " ",
    "ðŸ”´",
    " ",
  ],
  [
    " ",
    " ",
    " ",
    "ðŸ”µ",
    "ðŸ”´",
    "ðŸ”µ",
    "ðŸ”´",
  ],
  [
    " ",
    " ",
    " ",
    "ðŸ”´",
    "ðŸ”µ",
    "ðŸ”µ",
    "ðŸ”µ",
  ],
  [
    " ",
    " ",
    "ðŸ”µ",
    "ðŸ”´",
    "ðŸ”µ",
    "ðŸ”µ",
    "ðŸ”´",
  ],
]
`;
